                                        
\u001b[38;2;223;219;221m  \u001b[38;2;223;219;221m\u001b[38;2;255;96;255mCharm™\u001b[m \u001b[38;2;255;96;255mC\u001b[m\u001b[38;2;225;89;255mr\u001b[m\u001b[38;2;192;85;255mu\u001b[m\u001b[38;2;154;82;255ms\u001b[m\u001b[38;2;107;80;255mh\u001b[m \u001b[38;2;107;80;255m╱╱╱╱╱╱╱╱╱╱╱╱╱╱╱╱╱╱╱╱╱╱╱\u001b[m\u001b[m\u001b[m  
\u001b[38;2;223;219;221m\u001b[38;2;223;219;221m \u001b[38;2;107;80;255mChoose a Model\u001b[m\u001b[m\u001b[m                         
\u001b[38;2;223;219;221m\u001b[38;2;223;219;221m\u001b[m\u001b[m                                        
\u001b[38;2;223;219;221m\u001b[38;2;223;219;221m \u001b[38;2;223;219;221m\u001b[38;2;104;255;214m> \u001b[m\u001b[38;2;96;95;107mF\u001b[m\u001b[38;2;96;95;107mind your fave\u001b[m\u001b[38;2;96;95;107m\u001b[m\u001b[m\u001b[m\u001b[m                       
\u001b[38;2;223;219;221m\u001b[38;2;223;219;221m\u001b[m\u001b[m                                        
\u001b[38;2;223;219;221m\u001b[38;2;223;219;221m\u001b[38;2;223;219;221m\u001b[m\u001b[m\u001b[m                                        
\u001b[38;2;223;219;221m\u001b[38;2;223;219;221m\u001b[m\u001b[m                                        
\u001b[38;2;223;219;221m\u001b[38;2;223;219;221m\u001b[m\u001b[m                                        
\u001b[38;2;223;219;221m\u001b[38;2;223;219;221m\u001b[m\u001b[m                                        
\u001b[38;2;223;219;221m\u001b[38;2;223;219;221m\u001b[m\u001b[m                                        
\u001b[38;2;223;219;221m\u001b[38;2;223;219;221m\u001b[m\u001b[m                                        
\u001b[38;2;223;219;221m\u001b[38;2;223;219;221m\u001b[m\u001b[m                                        
\u001b[38;2;223;219;221m\u001b[38;2;223;219;221m\u001b[m\u001b[m                                        
\u001b[38;2;223;219;221m\u001b[38;2;223;219;221m\u001b[m\u001b[m                                        
\u001b[38;2;223;219;221m\u001b[38;2;223;219;221m\u001b[m\u001b[m                                        
\u001b[38;2;223;219;221m\u001b[38;2;223;219;221m\u001b[m\u001b[m                                        
\u001b[38;2;223;219;221m\u001b[38;2;223;219;221m\u001b[m\u001b[m                                        
                                        
