 [38;2;255;96;255mCharmâ„¢[m [38;2;255;96;255mC[38;2;225;89;255mR[38;2;192;85;255mU[38;2;154;82;255mS[38;2;107;80;255mH[m [38;2;107;80;255mâ•±â•±â•±â•±â•±â•±â•±â•±â•±â•±â•±â•±â•±â•±â•±â•±â•±â•±â•±â•±â•±â•±â•±â•±â•±â•±â•±â•±â•±â•±â•±â•±â•±â•±â•±â•±â•±â•±â•±[m [38;2;133;131;146m/proj[38;2;96;95;107m â€¢ [38;2;133;131;146m0%[38;2;96;95;107m â€¢ [38;2;133;131;146mctrl+d[38;2;96;95;107m open [m
 [38;2;107;80;255mâ•­â”€â”€â”€â”€â”€â”€â”€â”€â”€â”€â”€â”€â”€â”€â”€â”€â”€â”€â”€â”€â”€â”€â”€â”€â”€â”€â”€â”€â”€â”€â”€â”€â”€â”€â”€â”€â”€â”€â”€â”€â”€â”€â”€â”€â”€â”€â”€â”€â”€â”€â”€â”€â”€â”€â”€â”€â”€â”€â”€â”€â”€â”€â”€â”€â”€â”€â”€â”€â”€â”€â”€â”€â”€â”€â”€â”€â•®[m
 [38;2;107;80;255mâ”‚[38;2;223;219;221m Session One[m                                                                [38;2;107;80;255mâ”‚[m
 [38;2;107;80;255mâ”‚[38;2;223;219;221m                                                                           [m [38;2;107;80;255mâ”‚[m
 [38;2;107;80;255mâ”‚[38;2;223;219;221m [38;2;96;95;107mâ—‡[m [38;2;223;219;221mTest[m                                                                     [38;2;107;80;255mâ”‚[m
 [38;2;107;80;255mâ”‚[38;2;223;219;221m   [38;2;133;131;146m0%[m [38;2;96;95;107m(0)[m [38;2;133;131;146m$0.00[m                                                             [38;2;107;80;255mâ”‚[m
 [38;2;107;80;255mâ”‚[38;2;223;219;221m                                                                           [m [38;2;107;80;255mâ”‚[m
 [38;2;107;80;255mâ”‚[38;2;223;219;221m [38;2;96;95;107mModified Files[m           [38;2;96;95;107mLSPs[m                     [38;2;96;95;107mMCPs[m                     [38;2;107;80;255mâ”‚[m
 [38;2;107;80;255mâ”‚[38;2;223;219;221m                                                                           [m [38;2;107;80;255mâ”‚[m
 [38;2;107;80;255mâ”‚[38;2;223;219;221m [38;2;58;57;67mNone[m                     [38;2;58;57;67mNone[m                     [38;2;58;57;67mNone[m                     [38;2;107;80;255mâ”‚[m
 [38;2;107;80;255mâ”‚[38;2;223;219;221m                                                                            [38;2;107;80;255mâ”‚[m
 [38;2;107;80;255mâ”‚[38;2;223;219;221m                                                                            [38;2;107;80;255mâ”‚[m
 [38;2;107;80;255mâ”‚[38;2;223;219;221m                                                                            [38;2;107;80;255mâ”‚[m
 [38;2;107;80;255mâ”‚[38;2;223;219;221m                                                                            [38;2;107;80;255mâ”‚[m
 [38;2;107;80;255mâ”‚[38;2;223;219;221m                                                                            [38;2;107;80;255mâ”‚[m
 [38;2;107;80;255mâ”‚[38;2;223;219;221m                                                                   [38;2;58;57;67munknown[m  [38;2;107;80;255mâ”‚[m
 [38;2;107;80;255mâ•°â”€â”€â”€â”€â”€â”€â”€â”€â”€â”€â”€â”€â”€â”€â”€â”€â”€â”€â”€â”€â”€â”€â”€â”€â”€â”€â”€â”€â”€â”€â”€â”€â”€â”€â”€â”€â”€â”€â”€â”€â”€â”€â”€â”€â”€â”€â”€â”€â”€â”€â”€â”€â”€â”€â”€â”€â”€â”€â”€â”€â”€â”€â”€â”€â”€â”€â”€â”€â”€â”€â”€â”€â”€â”€â”€â”€â•¯[m
 [38;2;133;131;146m::: [38;2;223;219;221m [m
 [38;2;133;131;146m::: [38;2;223;219;221m [m
