[38;2;223;219;221m                                                                                [m
[38;2;223;219;221m  [38;2;255;96;255mCharmâ„¢[m [38;2;255;96;255mC[38;2;225;89;255mr[38;2;192;85;255mu[38;2;154;82;255ms[38;2;107;80;255mh[m [38;2;107;80;255mâ•±â•±â•±â•±â•±â•±â•±â•±â•±â•±â•±â•±â•±â•±â•±â•±â•±â•±â•±â•±â•±â•±â•±â•±â•±â•±â•±â•±â•±â•±â•±â•±â•±â•±â•±â•±â•±â•±â•±â•±â•±â•±â•±â•±â•±â•±â•±â•±â•±â•±â•±â•±â•±â•±â•±â•±â•±â•±â•±â•±â•±â•±â•±[m
[38;2;223;219;221m                                                                                [m
[38;2;223;219;221m  [38;2;133;131;146m/proj[m
[38;2;223;219;221m                                                                                [m
[38;2;223;219;221m  [38;2;96;95;107mâ—‡[m [38;2;223;219;221mTest[m
[38;2;223;219;221m                                                                                [m
[38;2;223;219;221m  [38;2;96;95;107mLSPs[m                                   [38;2;96;95;107mMCPs[m
[38;2;223;219;221m      [m                                   [38;2;223;219;221m    [m
[38;2;223;219;221m  [38;2;58;57;67mNone[m                                   [38;2;58;57;67mNone[m
[38;2;223;219;221m                                                                                [m
[38;2;223;219;221m                                                                                [m
[38;2;223;219;221m                                                                                [m
[38;2;223;219;221m                                                                                [m
[38;2;223;219;221m                                                                                [m

 [38;2;104;255;214m  > [38;2;96;95;107mReady![38;2;223;219;221m                                                                    [m
 [38;2;18;199;143m::: [38;2;223;219;221m [m
 [38;2;18;199;143m::: [38;2;223;219;221m [m
