
 [38;2;107;80;255mâ•­â”€â”€â”€â”€â”€â”€â”€â”€â”€â”€â”€â”€â”€â”€â”€â”€â”€â”€â”€â”€â”€â”€â”€â”€â”€â”€â”€â”€â”€â”€â”€â•®[m                                                                                                [38;2;107;80;255mâ•±â•±â•±â•±â•±â•±â•±â•±â•±â•±â•±â•±â•±â•±â•±â•±â•±â•±â•±â•±â•±â•±â•±â•±â•±â•±â•±â•±â•±[m
 [38;2;107;80;255mâ”‚[38;2;223;219;221m                               [38;2;107;80;255mâ”‚[38;2;223;219;221m                                                                                              [m  [38;2;107;80;255mâ•±â•±â•±â•±â•±â•±â•±â•±â•±â•±â•±â•±â•±â•±â•±â•±â•±â•±â•±â•±â•±â•±â•±â•±â•±â•±â•±â•±â•±[m
 [38;2;107;80;255mâ”‚[38;2;223;219;221m [38;2;107;80;255mâ•±â•±â•±â•±â•±â•±â•±â•±â•±â•±â•±â•±â•±â•±â•±â•±â•±â•±â•±â•±â•±â•±â•±â•±â•±â•±â•±â•±â•±[m [38;2;107;80;255mâ”‚[38;2;223;219;221m                                                                                              [m  [38;2;255;96;255m Charmâ„¢[m               [38;2;107;80;255munknown[m
 [38;2;107;80;255mâ”‚[38;2;223;219;221m [38;2;107;80;255mâ•±â•±â•±â•±â•±â•±â•±â•±â•±â•±â•±â•±â•±â•±â•±â•±â•±â•±â•±â•±â•±â•±â•±â•±â•±â•±â•±â•±â•±[m [38;2;107;80;255mâ”‚[38;2;223;219;221m                                                                                              [m  [38;2;255;96;255mâ–„[38;2;251;95;255mâ–€[38;2;247;94;255mâ–€[38;2;243;93;255mâ–€[38;2;239;92;255mâ–€[38;2;234;91;255m [38;2;230;90;255mâ–ˆ[38;2;225;89;255mâ–€[38;2;221;89;255mâ–€[38;2;216;88;255mâ–€[38;2;212;87;255mâ–„[38;2;207;87;255m [38;2;202;86;255mâ–ˆ[38;2;197;85;255m [38;2;192;85;255m [38;2;187;84;255m [38;2;182;84;255mâ–ˆ[38;2;177;83;255m [38;2;171;83;255mâ–„[38;2;166;83;255mâ–€[38;2;160;82;255mâ–€[38;2;154;82;255mâ–€[38;2;148;82;255mâ–€[38;2;142;81;255m [38;2;136;81;255mâ–ˆ[38;2;129;81;255m [38;2;122;80;255m [38;2;115;80;255m [38;2;107;80;255mâ–ˆ[m
 [38;2;107;80;255mâ”‚[38;2;223;219;221m [38;2;255;96;255m Charmâ„¢[m               [38;2;107;80;255munknown[m [38;2;107;80;255mâ”‚[38;2;223;219;221m                                                                                              [m  [38;2;255;96;255mâ–ˆ[38;2;251;95;255m [38;2;247;94;255m [38;2;243;93;255m [38;2;239;92;255m [38;2;234;91;255m [38;2;230;90;255mâ–ˆ[38;2;225;89;255mâ–€[38;2;221;89;255mâ–€[38;2;216;88;255mâ–€[38;2;212;87;255mâ–„[38;2;207;87;255m [38;2;202;86;255mâ–ˆ[38;2;197;85;255m [38;2;192;85;255m [38;2;187;84;255m [38;2;182;84;255mâ–ˆ[38;2;177;83;255m [38;2;171;83;255mâ–€[38;2;166;83;255mâ–€[38;2;160;82;255mâ–€[38;2;154;82;255mâ–€[38;2;148;82;255mâ–ˆ[38;2;142;81;255m [38;2;136;81;255mâ–ˆ[38;2;129;81;255mâ–€[38;2;122;80;255mâ–€[38;2;115;80;255mâ–€[38;2;107;80;255mâ–ˆ[m
 [38;2;107;80;255mâ”‚[38;2;223;219;221m [38;2;255;96;255mâ–„[38;2;251;95;255mâ–€[38;2;247;94;255mâ–€[38;2;243;93;255mâ–€[38;2;239;92;255mâ–€[38;2;234;91;255m [38;2;230;90;255mâ–ˆ[38;2;225;89;255mâ–€[38;2;221;89;255mâ–€[38;2;216;88;255mâ–€[38;2;212;87;255mâ–„[38;2;207;87;255m [38;2;202;86;255mâ–ˆ[38;2;197;85;255m [38;2;192;85;255m [38;2;187;84;255m [38;2;182;84;255mâ–ˆ[38;2;177;83;255m [38;2;171;83;255mâ–„[38;2;166;83;255mâ–€[38;2;160;82;255mâ–€[38;2;154;82;255mâ–€[38;2;148;82;255mâ–€[38;2;142;81;255m [38;2;136;81;255mâ–ˆ[38;2;129;81;255m [38;2;122;80;255m [38;2;115;80;255m [38;2;107;80;255mâ–ˆ[m [38;2;107;80;255mâ”‚[38;2;223;219;221m                                                                                              [m  [38;2;255;96;255m [38;2;251;95;255mâ–€[38;2;247;94;255mâ–€[38;2;243;93;255mâ–€[38;2;239;92;255mâ–€[38;2;234;91;255m [38;2;230;90;255mâ–€[38;2;225;89;255m [38;2;221;89;255m [38;2;216;88;255m [38;2;212;87;255mâ–€[38;2;207;87;255m [38;2;202;86;255m [38;2;197;85;255mâ–€[38;2;192;85;255mâ–€[38;2;187;84;255mâ–€[38;2;182;84;255m [38;2;177;83;255m [38;2;171;83;255mâ–€[38;2;166;83;255mâ–€[38;2;160;82;255mâ–€[38;2;154;82;255mâ–€[38;2;148;82;255m [38;2;142;81;255m [38;2;136;81;255mâ–€[38;2;129;81;255m [38;2;122;80;255m [38;2;115;80;255m [38;2;107;80;255mâ–€[m
 [38;2;107;80;255mâ”‚[38;2;223;219;221m [38;2;255;96;255mâ–ˆ[38;2;251;95;255m [38;2;247;94;255m [38;2;243;93;255m [38;2;239;92;255m [38;2;234;91;255m [38;2;230;90;255mâ–ˆ[38;2;225;89;255mâ–€[38;2;221;89;255mâ–€[38;2;216;88;255mâ–€[38;2;212;87;255mâ–„[38;2;207;87;255m [38;2;202;86;255mâ–ˆ[38;2;197;85;255m [38;2;192;85;255m [38;2;187;84;255m [38;2;182;84;255mâ–ˆ[38;2;177;83;255m [38;2;171;83;255mâ–€[38;2;166;83;255mâ–€[38;2;160;82;255mâ–€[38;2;154;82;255mâ–€[38;2;148;82;255mâ–ˆ[38;2;142;81;255m [38;2;136;81;255mâ–ˆ[38;2;129;81;255mâ–€[38;2;122;80;255mâ–€[38;2;115;80;255mâ–€[38;2;107;80;255mâ–ˆ[m [38;2;107;80;255mâ”‚[38;2;223;219;221m                                                                                              [m  [38;2;107;80;255mâ•±â•±â•±â•±â•±â•±â•±â•±â•±â•±â•±â•±â•±â•±â•±â•±â•±â•±â•±â•±â•±â•±â•±â•±â•±â•±â•±â•±â•±[m
 [38;2;107;80;255mâ”‚[38;2;223;219;221m [38;2;255;96;255m [38;2;251;95;255mâ–€[38;2;247;94;255mâ–€[38;2;243;93;255mâ–€[38;2;239;92;255mâ–€[38;2;234;91;255m [38;2;230;90;255mâ–€[38;2;225;89;255m [38;2;221;89;255m [38;2;216;88;255m [38;2;212;87;255mâ–€[38;2;207;87;255m [38;2;202;86;255m [38;2;197;85;255mâ–€[38;2;192;85;255mâ–€[38;2;187;84;255mâ–€[38;2;182;84;255m [38;2;177;83;255m [38;2;171;83;255mâ–€[38;2;166;83;255mâ–€[38;2;160;82;255mâ–€[38;2;154;82;255mâ–€[38;2;148;82;255m [38;2;142;81;255m [38;2;136;81;255mâ–€[38;2;129;81;255m [38;2;122;80;255m [38;2;115;80;255m [38;2;107;80;255mâ–€[m [38;2;107;80;255mâ”‚[38;2;223;219;221m                                                                                              [m  [38;2;223;219;221m                             [m
 [38;2;107;80;255mâ”‚[38;2;223;219;221m [38;2;107;80;255mâ•±â•±â•±â•±â•±â•±â•±â•±â•±â•±â•±â•±â•±â•±â•±â•±â•±â•±â•±â•±â•±â•±â•±â•±â•±â•±â•±â•±â•±[m [38;2;107;80;255mâ”‚[38;2;223;219;221m                                                                                              [m  [38;2;133;131;146mSession One[m
 [38;2;107;80;255mâ”‚[38;2;223;219;221m                              [m [38;2;107;80;255mâ”‚[38;2;223;219;221m                                                                                              [m  [38;2;223;219;221m                             [m
 [38;2;107;80;255mâ”‚[38;2;223;219;221m [38;2;133;131;146mSession One[m                   [38;2;107;80;255mâ”‚[38;2;223;219;221m                                                                                              [m  [38;2;133;131;146m/proj[m
 [38;2;107;80;255mâ”‚[38;2;223;219;221m                              [m [38;2;107;80;255mâ”‚[38;2;223;219;221m                                                                                              [m  [38;2;223;219;221m                             [m
 [38;2;107;80;255mâ”‚[38;2;223;219;221m [38;2;133;131;146m/proj[m                         [38;2;107;80;255mâ”‚[38;2;223;219;221m                                                                                              [m  [38;2;96;95;107mâ—‡[m [38;2;223;219;221mTest[m
 [38;2;107;80;255mâ”‚[38;2;223;219;221m                              [m [38;2;107;80;255mâ”‚[38;2;223;219;221m                                                                                              [m  [38;2;223;219;221m  [38;2;133;131;146m0%[m [38;2;96;95;107m(0)[m [38;2;133;131;146m$0.00[m
 [38;2;107;80;255mâ”‚[38;2;223;219;221m [38;2;96;95;107mâ—‡[m [38;2;223;219;221mTest[m                        [38;2;107;80;255mâ”‚[38;2;223;219;221m                                                                                              [m  [38;2;223;219;221m                             [m
 [38;2;107;80;255mâ”‚[38;2;223;219;221m   [38;2;133;131;146m0%[m [38;2;96;95;107m(0)[m [38;2;133;131;146m$0.00[m                [38;2;107;80;255mâ”‚[38;2;223;219;221m                                                                                              [m  [38;2;96;95;107mModified Files [38;2;58;57;67mâ”€â”€â”€â”€â”€â”€â”€â”€â”€â”€â”€â”€â”€â”€[m
 [38;2;107;80;255mâ”‚[38;2;223;219;221m                              [m [38;2;107;80;255mâ”‚[38;2;223;219;221m                                                                                              [m  [38;2;223;219;221m                             [m
 [38;2;107;80;255mâ”‚[38;2;223;219;221m [38;2;96;95;107mModified Files [38;2;58;57;67mâ”€â”€â”€â”€â”€â”€â”€â”€â”€â”€â”€â”€â”€â”€[m [38;2;107;80;255mâ”‚[38;2;223;219;221m                                                                                              [m  [38;2;58;57;67mNone[m
 [38;2;107;80;255mâ”‚[38;2;223;219;221m                              [m [38;2;107;80;255mâ”‚[38;2;223;219;221m                                                                                              [m  [38;2;223;219;221m                             [m
 [38;2;107;80;255mâ”‚[38;2;223;219;221m [38;2;58;57;67mNone[m                          [38;2;107;80;255mâ”‚[38;2;223;219;221m                                                                                              [m  [38;2;96;95;107mLSPs [38;2;58;57;67mâ”€â”€â”€â”€â”€â”€â”€â”€â”€â”€â”€â”€â”€â”€â”€â”€â”€â”€â”€â”€â”€â”€â”€â”€[m
 [38;2;107;80;255mâ”‚[38;2;223;219;221m                              [m [38;2;107;80;255mâ”‚[38;2;223;219;221m                                                                                              [m  [38;2;223;219;221m                             [m
 [38;2;107;80;255mâ”‚[38;2;223;219;221m [38;2;96;95;107mLSPs [38;2;58;57;67mâ”€â”€â”€â”€â”€â”€â”€â”€â”€â”€â”€â”€â”€â”€â”€â”€â”€â”€â”€â”€â”€â”€â”€â”€[m [38;2;107;80;255mâ”‚[38;2;223;219;221m                                                                                              [m  [38;2;58;57;67mNone[m
 [38;2;107;80;255mâ”‚[38;2;223;219;221m                              [m [38;2;107;80;255mâ”‚[38;2;223;219;221m                                                                                              [m  [38;2;223;219;221m                             [m
 [38;2;107;80;255mâ”‚[38;2;223;219;221m [38;2;58;57;67mNone[m                          [38;2;107;80;255mâ”‚[38;2;223;219;221m                                                                                              [m  [38;2;96;95;107mMCPs [38;2;58;57;67mâ”€â”€â”€â”€â”€â”€â”€â”€â”€â”€â”€â”€â”€â”€â”€â”€â”€â”€â”€â”€â”€â”€â”€â”€[m
 [38;2;107;80;255mâ”‚[38;2;223;219;221m                              [m [38;2;107;80;255mâ”‚[38;2;223;219;221m                                                                                              [m  [38;2;223;219;221m                             [m
 [38;2;107;80;255mâ”‚[38;2;223;219;221m [38;2;96;95;107mMCPs [38;2;58;57;67mâ”€â”€â”€â”€â”€â”€â”€â”€â”€â”€â”€â”€â”€â”€â”€â”€â”€â”€â”€â”€â”€â”€â”€â”€[m [38;2;107;80;255mâ”‚[38;2;223;219;221m                                                                                              [m  [38;2;58;57;67mNone[m
 [38;2;107;80;255mâ”‚[38;2;223;219;221m                              [m [38;2;107;80;255mâ”‚[38;2;223;219;221m                                                                                              [m
 [38;2;107;80;255mâ”‚[38;2;223;219;221m [38;2;58;57;67mNone[m                          [38;2;107;80;255mâ”‚[38;2;223;219;221m                                                                                              [m
 [38;2;107;80;255mâ”‚[38;2;223;219;221m                               [38;2;107;80;255mâ”‚[38;2;223;219;221m                                                                                              [m
 [38;2;107;80;255mâ”‚[38;2;223;219;221m                               [38;2;107;80;255mâ”‚[38;2;223;219;221m                                                                                              [m
 [38;2;107;80;255mâ”‚[38;2;223;219;221m                               [38;2;107;80;255mâ”‚[38;2;223;219;221m                                                                                              [m
 [38;2;107;80;255mâ”‚[38;2;223;219;221m                               [38;2;107;80;255mâ”‚[38;2;223;219;221m                                                                                              [m
 [38;2;107;80;255mâ”‚[38;2;223;219;221m                               [38;2;107;80;255mâ”‚[38;2;223;219;221m                                                                                              [m
 [38;2;107;80;255mâ”‚[38;2;223;219;221m                               [38;2;107;80;255mâ”‚[38;2;223;219;221m                                                                                              [m
 [38;2;107;80;255mâ”‚[38;2;223;219;221m                               [38;2;107;80;255mâ”‚[m
 [38;2;107;80;255mâ”‚[38;2;223;219;221m                               [38;2;107;80;255mâ”‚[38;2;223;219;221m                                                                                                                             [m
 [38;2;107;80;255mâ”‚[38;2;58;57;67munknown[m                        [38;2;107;80;255mâ”‚[m
 [38;2;107;80;255mâ•°â”€â”€â”€â”€â”€â”€â”€â”€â”€â”€â”€â”€â”€â”€â”€â”€â”€â”€â”€â”€â”€â”€â”€â”€â”€â”€â”€â”€â”€â”€â”€â•¯[m
