                                        
[38;2;223;219;221m  [38;2;223;219;221m[38;2;255;96;255mCharmâ„¢[m [38;2;255;96;255mC[m[38;2;225;89;255mr[m[38;2;192;85;255mu[m[38;2;154;82;255ms[m[38;2;107;80;255mh[m [38;2;107;80;255mâ•±â•±â•±â•±â•±â•±â•±â•±â•±â•±â•±â•±â•±â•±â•±â•±â•±â•±â•±â•±â•±â•±â•±[m[m[m  
[38;2;223;219;221m[m                                        
[38;2;223;219;221m[m                                        
[38;2;223;219;221m[m                                        
[38;2;223;219;221m[m                                        
[38;2;223;219;221m[38;2;223;219;221m [38;2;223;219;221m[1;38;2;0;255;178mLocal API Key[m[38;2;107;80;255m validated.[m[m[m[m               
[38;2;223;219;221m[38;2;223;219;221m [38;2;223;219;221m[m[m[m                                       
[38;2;223;219;221m[38;2;223;219;221m [38;2;223;219;221m[38;2;104;255;214mâœ“ [m[38;2;96;95;107mE[m[38;2;96;95;107mnter your API key...[m[38;2;96;95;107m              [m[m[m[m  
[38;2;223;219;221m[38;2;223;219;221m [38;2;223;219;221m[m[m[m                                       
[38;2;223;219;221m[38;2;223;219;221m [38;2;223;219;221m[38;2;133;131;146mThis will be written to the global[m[m     
[38;2;223;219;221m[38;2;133;131;146mconfiguration:[m[m                          
[38;2;223;219;221m[38;2;133;131;146m~/.config/crush/crush.state.json[m[m[m[m        
                                        