                                        
[38;2;223;219;221m  [38;2;223;219;221m[38;2;255;96;255mCharmâ„¢[m [38;2;255;96;255mC[m[38;2;225;89;255mr[m[38;2;192;85;255mu[m[38;2;154;82;255ms[m[38;2;107;80;255mh[m [38;2;107;80;255mâ•±â•±â•±â•±â•±â•±â•±â•±â•±â•±â•±â•±â•±â•±â•±â•±â•±â•±â•±â•±â•±â•±â•±[m[m[m  
[38;2;223;219;221m[m                                        
[38;2;223;219;221m[m                                        
[38;2;223;219;221m[m                                        
[38;2;223;219;221m[m                                        
[38;2;223;219;221m[m                                        
[38;2;223;219;221m[m                                        
[38;2;223;219;221m [38;2;223;219;221m[38;2;223;219;221mWould you like to initialize this[m[m      
[38;2;223;219;221m[38;2;223;219;221mproject?[m                       [m[m         
[38;2;223;219;221m [38;2;223;219;221m[m[m                                       
[38;2;223;219;221m [38;2;223;219;221m  [38;2;18;199;143m/proj[m[m[m                                
[38;2;223;219;221m [38;2;223;219;221m[m[m                                       
[38;2;223;219;221m [38;2;223;219;221m[38;2;133;131;146mWhen I initialize your codebase I[m[m      
[38;2;223;219;221m[38;2;133;131;146mexamine the project and put the[m[m[m         
[38;2;223;219;221m [38;2;223;219;221m[38;2;133;131;146mresult into a CRUSH.md file which[m[m      
[38;2;223;219;221m[38;2;133;131;146mserves as general context.[m     [m[m         
[38;2;223;219;221m [38;2;223;219;221m[m[m                                       
[38;2;223;219;221m [38;2;223;219;221m[38;2;133;131;146mYou can also initialize anytime via[m[m    
[38;2;223;219;221m[38;2;133;131;146m[m[38;2;18;199;143mctrl+p[m[38;2;133;131;146m.[m                      [m[m           
[38;2;223;219;221m [38;2;223;219;221m[m[m                                       
[38;2;223;219;221m [38;2;223;219;221m[38;2;133;131;146mWould you like to initialize now?[m[m[m      
[38;2;223;219;221m [38;2;223;219;221m[m[m                                       
[38;2;223;219;221m [38;2;223;219;221m[48;2;255;96;255m  [m[38;2;255;250;241;48;2;255;96;255m[38;2;255;250;241;48;2;255;96;255m[m[4;38;2;255;250;241;48;2;255;96;255;4mY[m[38;2;255;250;241;48;2;255;96;255mep![m[m[48;2;255;96;255m  [m  [48;2;58;57;67m  [m[38;2;223;219;221;48;2;58;57;67m[38;2;223;219;221;48;2;58;57;67m[m[4;38;2;223;219;221;48;2;58;57;67;4mN[m[38;2;223;219;221;48;2;58;57;67mope[m[m[48;2;58;57;67m  [m[m[m                     
                                        