                                                  
[38;2;223;219;221m  [38;2;223;219;221m[38;2;255;96;255mCharmâ„¢[m [38;2;255;96;255mC[m[38;2;225;89;255mr[m[38;2;192;85;255mu[m[38;2;154;82;255ms[m[38;2;107;80;255mh[m [38;2;107;80;255mâ•±â•±â•±â•±â•±â•±â•±â•±â•±â•±â•±â•±â•±â•±â•±â•±â•±â•±â•±â•±â•±â•±â•±â•±â•±â•±â•±â•±â•±â•±â•±â•±â•±[m[m[m  
[38;2;223;219;221m[38;2;223;219;221m [38;2;107;80;255mChoose a Model[m[m[m                                   
[38;2;223;219;221m[38;2;223;219;221m[m[m                                                  
[38;2;223;219;221m[38;2;223;219;221m [38;2;223;219;221m[38;2;104;255;214m> [m[38;2;96;95;107mF[m[38;2;96;95;107mind your fave[m[38;2;96;95;107m[m[m[m[m                                 
[38;2;223;219;221m[38;2;223;219;221m[m[m                                                  
[38;2;223;219;221m[38;2;223;219;221m[38;2;223;219;221m[m[m[m                                                  
[38;2;223;219;221m[38;2;223;219;221m[m[m                                                  
[38;2;223;219;221m[38;2;223;219;221m[m[m                                                  
[38;2;223;219;221m[38;2;223;219;221m[m[m                                                  
[38;2;223;219;221m[38;2;223;219;221m[m[m                                                  
[38;2;223;219;221m[38;2;223;219;221m[m[m                                                  
[38;2;223;219;221m[38;2;223;219;221m[m[m                                                  
[38;2;223;219;221m[38;2;223;219;221m[m[m                                                  
[38;2;223;219;221m[38;2;223;219;221m[m[m                                                  
[38;2;223;219;221m[38;2;223;219;221m[m[m                                                  
[38;2;223;219;221m[38;2;223;219;221m[m[m                                                  
[38;2;223;219;221m[38;2;223;219;221m[m[m                                                  
[38;2;223;219;221m[38;2;223;219;221m[m[m                                                  
                                                  