[1;38;2;0;255;178mLocal API Key[m[38;2;107;80;255m validated.[m                                                          
                                                                                  
[38;2;104;255;214mâœ“ [m[38;2;96;95;107mE[m[38;2;96;95;107mnter your API key...[m[38;2;96;95;107m                [m                                           
                                                                                  
[38;2;133;131;146mThis will be written to the global configuration: ~/.config/crush/crush.state.json[m