 [38;2;223;219;221m[38;2;255;96;255mCharmâ„¢[m [38;2;255;96;255mC[m[38;2;225;89;255mR[m[38;2;192;85;255mU[m[38;2;154;82;255mS[m[38;2;107;80;255mH[m [38;2;133;131;146m[m[38;2;96;95;107m â€¢ [m[38;2;18;199;143mâœ“ Local/test[m[38;2;96;95;107m â€¢ [m[38;2;133;131;146m3%[m[38;2;96;95;107m â€¢ [m[38;2;133;131;146mctrl+d[m[38;2;96;95;107m open [m[m 